Archive member included to satisfy reference by file (symbol)

.pioenvs/bluepill_f103c8/libFrameworkLibOpenCM3.a(gpio.o)
                              .pioenvs/bluepill_f103c8/src/main.o (gpio_set_mode)
.pioenvs/bluepill_f103c8/libFrameworkLibOpenCM3.a(gpio_common_all.o)
                              .pioenvs/bluepill_f103c8/src/main.o (gpio_toggle)
.pioenvs/bluepill_f103c8/libFrameworkLibOpenCM3.a(rcc_common_all.o)
                              .pioenvs/bluepill_f103c8/src/main.o (rcc_periph_clock_enable)
.pioenvs/bluepill_f103c8/libFrameworkLibOpenCM3.a(vector.o)
                              (reset_handler)

Discarded input sections

 .text          0x0000000000000000        0x0 .pioenvs/bluepill_f103c8/src/main.o
 .data          0x0000000000000000        0x0 .pioenvs/bluepill_f103c8/src/main.o
 .bss           0x0000000000000000        0x0 .pioenvs/bluepill_f103c8/src/main.o
 .text          0x0000000000000000        0x0 .pioenvs/bluepill_f103c8/libFrameworkLibOpenCM3.a(gpio.o)
 .data          0x0000000000000000        0x0 .pioenvs/bluepill_f103c8/libFrameworkLibOpenCM3.a(gpio.o)
 .bss           0x0000000000000000        0x0 .pioenvs/bluepill_f103c8/libFrameworkLibOpenCM3.a(gpio.o)
 .text.gpio_set_eventout
                0x0000000000000000       0x10 .pioenvs/bluepill_f103c8/libFrameworkLibOpenCM3.a(gpio.o)
 .text.gpio_primary_remap
                0x0000000000000000       0x18 .pioenvs/bluepill_f103c8/libFrameworkLibOpenCM3.a(gpio.o)
 .text.gpio_secondary_remap
                0x0000000000000000       0x10 .pioenvs/bluepill_f103c8/libFrameworkLibOpenCM3.a(gpio.o)
 .text          0x0000000000000000        0x0 .pioenvs/bluepill_f103c8/libFrameworkLibOpenCM3.a(gpio_common_all.o)
 .data          0x0000000000000000        0x0 .pioenvs/bluepill_f103c8/libFrameworkLibOpenCM3.a(gpio_common_all.o)
 .bss           0x0000000000000000        0x0 .pioenvs/bluepill_f103c8/libFrameworkLibOpenCM3.a(gpio_common_all.o)
 .text.gpio_set
                0x0000000000000000        0x4 .pioenvs/bluepill_f103c8/libFrameworkLibOpenCM3.a(gpio_common_all.o)
 .text.gpio_clear
                0x0000000000000000        0x6 .pioenvs/bluepill_f103c8/libFrameworkLibOpenCM3.a(gpio_common_all.o)
 .text.gpio_get
                0x0000000000000000        0x6 .pioenvs/bluepill_f103c8/libFrameworkLibOpenCM3.a(gpio_common_all.o)
 .text.gpio_port_read
                0x0000000000000000        0x6 .pioenvs/bluepill_f103c8/libFrameworkLibOpenCM3.a(gpio_common_all.o)
 .text.gpio_port_write
                0x0000000000000000        0x4 .pioenvs/bluepill_f103c8/libFrameworkLibOpenCM3.a(gpio_common_all.o)
 .text.gpio_port_config_lock
                0x0000000000000000       0x10 .pioenvs/bluepill_f103c8/libFrameworkLibOpenCM3.a(gpio_common_all.o)
 .text          0x0000000000000000        0x0 .pioenvs/bluepill_f103c8/libFrameworkLibOpenCM3.a(rcc_common_all.o)
 .data          0x0000000000000000        0x0 .pioenvs/bluepill_f103c8/libFrameworkLibOpenCM3.a(rcc_common_all.o)
 .bss           0x0000000000000000        0x0 .pioenvs/bluepill_f103c8/libFrameworkLibOpenCM3.a(rcc_common_all.o)
 .text.rcc_peripheral_enable_clock
                0x0000000000000000        0x8 .pioenvs/bluepill_f103c8/libFrameworkLibOpenCM3.a(rcc_common_all.o)
 .text.rcc_peripheral_disable_clock
                0x0000000000000000        0xa .pioenvs/bluepill_f103c8/libFrameworkLibOpenCM3.a(rcc_common_all.o)
 .text.rcc_peripheral_reset
                0x0000000000000000        0x8 .pioenvs/bluepill_f103c8/libFrameworkLibOpenCM3.a(rcc_common_all.o)
 .text.rcc_peripheral_clear_reset
                0x0000000000000000        0xa .pioenvs/bluepill_f103c8/libFrameworkLibOpenCM3.a(rcc_common_all.o)
 .text.rcc_periph_clock_disable
                0x0000000000000000       0x1e .pioenvs/bluepill_f103c8/libFrameworkLibOpenCM3.a(rcc_common_all.o)
 .text.rcc_periph_reset_pulse
                0x0000000000000000       0x22 .pioenvs/bluepill_f103c8/libFrameworkLibOpenCM3.a(rcc_common_all.o)
 .text.rcc_periph_reset_hold
                0x0000000000000000       0x1a .pioenvs/bluepill_f103c8/libFrameworkLibOpenCM3.a(rcc_common_all.o)
 .text.rcc_periph_reset_release
                0x0000000000000000       0x1e .pioenvs/bluepill_f103c8/libFrameworkLibOpenCM3.a(rcc_common_all.o)
 .text.rcc_set_mco
                0x0000000000000000       0x14 .pioenvs/bluepill_f103c8/libFrameworkLibOpenCM3.a(rcc_common_all.o)
 .text          0x0000000000000000        0x0 .pioenvs/bluepill_f103c8/libFrameworkLibOpenCM3.a(vector.o)
 .data          0x0000000000000000        0x0 .pioenvs/bluepill_f103c8/libFrameworkLibOpenCM3.a(vector.o)
 .bss           0x0000000000000000        0x0 .pioenvs/bluepill_f103c8/libFrameworkLibOpenCM3.a(vector.o)

Memory Configuration

Name             Origin             Length             Attributes
rom              0x0000000008000000 0x0000000000010000 xr
ram              0x0000000020000000 0x0000000000005000 xrw
*default*        0x0000000000000000 0xffffffffffffffff

Linker script and memory map

LOAD .pioenvs/bluepill_f103c8/src/main.o
START GROUP
LOAD /Users/Luppy/.platformio/packages/toolchain-gccarmnoneeabi/bin/../lib/gcc/arm-none-eabi/7.2.1/../../../../arm-none-eabi/lib/thumb/v7-m/libc.a
LOAD /Users/Luppy/.platformio/packages/toolchain-gccarmnoneeabi/bin/../lib/gcc/arm-none-eabi/7.2.1/thumb/v7-m/libgcc.a
LOAD /Users/Luppy/.platformio/packages/toolchain-gccarmnoneeabi/bin/../lib/gcc/arm-none-eabi/7.2.1/../../../../arm-none-eabi/lib/thumb/v7-m/libm.a
LOAD /Users/Luppy/.platformio/packages/toolchain-gccarmnoneeabi/bin/../lib/gcc/arm-none-eabi/7.2.1/../../../../arm-none-eabi/lib/thumb/v7-m/libstdc++.a
LOAD /Users/Luppy/.platformio/packages/toolchain-gccarmnoneeabi/bin/../lib/gcc/arm-none-eabi/7.2.1/../../../../arm-none-eabi/lib/thumb/v7-m/libnosys.a
LOAD .pioenvs/bluepill_f103c8/libFrameworkLibOpenCM3.a
END GROUP

.text           0x0000000008000000      0x2ac
 *(.vectors)
 .vectors       0x0000000008000000      0x150 .pioenvs/bluepill_f103c8/libFrameworkLibOpenCM3.a(vector.o)
                0x0000000008000000                vector_table
 *(.text*)
 .text.startup.main
                0x0000000008000150       0x38 .pioenvs/bluepill_f103c8/src/main.o
                0x0000000008000150                main
 .text.gpio_set_mode
                0x0000000008000188       0x62 .pioenvs/bluepill_f103c8/libFrameworkLibOpenCM3.a(gpio.o)
                0x0000000008000188                gpio_set_mode
 .text.gpio_toggle
                0x00000000080001ea       0x12 .pioenvs/bluepill_f103c8/libFrameworkLibOpenCM3.a(gpio_common_all.o)
                0x00000000080001ea                gpio_toggle
 .text.rcc_periph_clock_enable
                0x00000000080001fc       0x1a .pioenvs/bluepill_f103c8/libFrameworkLibOpenCM3.a(rcc_common_all.o)
                0x00000000080001fc                rcc_periph_clock_enable
 .text.blocking_handler
                0x0000000008000216        0x2 .pioenvs/bluepill_f103c8/libFrameworkLibOpenCM3.a(vector.o)
                0x0000000008000216                exti0_isr
                0x0000000008000216                rtc_isr
                0x0000000008000216                tim7_isr
                0x0000000008000216                adc1_2_isr
                0x0000000008000216                tim1_trg_com_isr
                0x0000000008000216                usb_hp_can_tx_isr
                0x0000000008000216                tim6_isr
                0x0000000008000216                usb_wakeup_isr
                0x0000000008000216                blocking_handler
                0x0000000008000216                tim5_isr
                0x0000000008000216                otg_fs_isr
                0x0000000008000216                spi1_isr
                0x0000000008000216                exti2_isr
                0x0000000008000216                dma1_channel6_isr
                0x0000000008000216                can_rx1_isr
                0x0000000008000216                dma1_channel5_isr
                0x0000000008000216                dma2_channel5_isr
                0x0000000008000216                usart1_isr
                0x0000000008000216                usage_fault_handler
                0x0000000008000216                tim8_trg_com_isr
                0x0000000008000216                can2_rx0_isr
                0x0000000008000216                tim1_brk_isr
                0x0000000008000216                can2_rx1_isr
                0x0000000008000216                tim1_cc_isr
                0x0000000008000216                sdio_isr
                0x0000000008000216                eth_isr
                0x0000000008000216                dma1_channel4_isr
                0x0000000008000216                tim8_brk_isr
                0x0000000008000216                dma2_channel4_5_isr
                0x0000000008000216                pvd_isr
                0x0000000008000216                rcc_isr
                0x0000000008000216                flash_isr
                0x0000000008000216                uart4_isr
                0x0000000008000216                rtc_alarm_isr
                0x0000000008000216                exti15_10_isr
                0x0000000008000216                hard_fault_handler
                0x0000000008000216                exti1_isr
                0x0000000008000216                i2c1_ev_isr
                0x0000000008000216                dma2_channel1_isr
                0x0000000008000216                spi2_isr
                0x0000000008000216                tim8_up_isr
                0x0000000008000216                dma2_channel2_isr
                0x0000000008000216                exti3_isr
                0x0000000008000216                adc3_isr
                0x0000000008000216                tim3_isr
                0x0000000008000216                usart2_isr
                0x0000000008000216                usb_lp_can_rx0_isr
                0x0000000008000216                i2c2_er_isr
                0x0000000008000216                i2c2_ev_isr
                0x0000000008000216                uart5_isr
                0x0000000008000216                fsmc_isr
                0x0000000008000216                dma1_channel1_isr
                0x0000000008000216                exti4_isr
                0x0000000008000216                mem_manage_handler
                0x0000000008000216                can2_tx_isr
                0x0000000008000216                exti9_5_isr
                0x0000000008000216                dma2_channel3_isr
                0x0000000008000216                dma1_channel7_isr
                0x0000000008000216                tim1_up_isr
                0x0000000008000216                can2_sce_isr
                0x0000000008000216                tim4_isr
                0x0000000008000216                dma1_channel2_isr
                0x0000000008000216                i2c1_er_isr
                0x0000000008000216                can_sce_isr
                0x0000000008000216                tim8_cc_isr
                0x0000000008000216                tamper_isr
                0x0000000008000216                eth_wkup_isr
                0x0000000008000216                bus_fault_handler
                0x0000000008000216                wwdg_isr
                0x0000000008000216                dma1_channel3_isr
                0x0000000008000216                spi3_isr
                0x0000000008000216                tim2_isr
                0x0000000008000216                usart3_isr
 .text.null_handler
                0x0000000008000218        0x2 .pioenvs/bluepill_f103c8/libFrameworkLibOpenCM3.a(vector.o)
                0x0000000008000218                null_handler
                0x0000000008000218                sv_call_handler
                0x0000000008000218                pend_sv_handler
                0x0000000008000218                debug_monitor_handler
                0x0000000008000218                sys_tick_handler
                0x0000000008000218                nmi_handler
 *fill*         0x000000000800021a        0x2 
 .text.reset_handler
                0x000000000800021c       0x90 .pioenvs/bluepill_f103c8/libFrameworkLibOpenCM3.a(vector.o)
                0x000000000800021c                reset_handler
                0x00000000080002ac                . = ALIGN (0x4)
 *(.rodata*)
                0x00000000080002ac                . = ALIGN (0x4)

.glue_7         0x00000000080002ac        0x0
 .glue_7        0x00000000080002ac        0x0 linker stubs

.glue_7t        0x00000000080002ac        0x0
 .glue_7t       0x00000000080002ac        0x0 linker stubs

.vfp11_veneer   0x00000000080002ac        0x0
 .vfp11_veneer  0x00000000080002ac        0x0 linker stubs

.v4_bx          0x00000000080002ac        0x0
 .v4_bx         0x00000000080002ac        0x0 linker stubs

.iplt           0x00000000080002ac        0x0
 .iplt          0x00000000080002ac        0x0 .pioenvs/bluepill_f103c8/src/main.o

.rel.dyn        0x00000000080002ac        0x0
 .rel.iplt      0x00000000080002ac        0x0 .pioenvs/bluepill_f103c8/src/main.o

.preinit_array  0x00000000080002ac        0x0
                0x00000000080002ac                . = ALIGN (0x4)
                0x00000000080002ac                __preinit_array_start = .
 *(.preinit_array)
                0x00000000080002ac                __preinit_array_end = .

.init_array     0x00000000080002ac        0x0
                0x00000000080002ac                . = ALIGN (0x4)
                0x00000000080002ac                __init_array_start = .
 *(SORT_BY_NAME(.init_array.*))
 *(.init_array)
                0x00000000080002ac                __init_array_end = .

.fini_array     0x00000000080002ac        0x0
                0x00000000080002ac                . = ALIGN (0x4)
                0x00000000080002ac                __fini_array_start = .
 *(.fini_array)
 *(SORT_BY_NAME(.fini_array.*))
                0x00000000080002ac                __fini_array_end = .

.ARM.extab
 *(.ARM.extab*)

.ARM.exidx      0x00000000080002ac        0x0
                0x00000000080002ac                __exidx_start = .
 *(.ARM.exidx*)
                0x00000000080002ac                __exidx_end = .
                0x00000000080002ac                . = ALIGN (0x4)
                0x00000000080002ac                _etext = .

.data           0x0000000020000000        0x0 load address 0x00000000080002ac
                0x0000000020000000                _data = .
 *(.data*)
                0x0000000020000000                . = ALIGN (0x4)
                0x0000000020000000                _edata = .
                0x00000000080002ac                _data_loadaddr = LOADADDR (.data)

.igot.plt       0x0000000020000000        0x0 load address 0x00000000080002ac
 .igot.plt      0x0000000020000000        0x0 .pioenvs/bluepill_f103c8/src/main.o

.bss            0x0000000020000000        0x0 load address 0x00000000080002ac
 *(.bss*)
 *(COMMON)
                0x0000000020000000                . = ALIGN (0x4)
                0x0000000020000000                _ebss = .

/DISCARD/
 *(.eh_frame)
                0x0000000020000000                . = ALIGN (0x4)
                0x0000000020000000                end = .
                0x0000000020005000                PROVIDE (_stack, (ORIGIN (ram) + LENGTH (ram)))
OUTPUT(.pioenvs/bluepill_f103c8/firmware.elf elf32-littlearm)

.debug_info     0x0000000000000000      0xf01
 .debug_info    0x0000000000000000      0x304 .pioenvs/bluepill_f103c8/src/main.o
 .debug_info    0x0000000000000304      0x1ca .pioenvs/bluepill_f103c8/libFrameworkLibOpenCM3.a(gpio.o)
 .debug_info    0x00000000000004ce      0x228 .pioenvs/bluepill_f103c8/libFrameworkLibOpenCM3.a(gpio_common_all.o)
 .debug_info    0x00000000000006f6      0x56e .pioenvs/bluepill_f103c8/libFrameworkLibOpenCM3.a(rcc_common_all.o)
 .debug_info    0x0000000000000c64      0x29d .pioenvs/bluepill_f103c8/libFrameworkLibOpenCM3.a(vector.o)

.debug_abbrev   0x0000000000000000      0x4e0
 .debug_abbrev  0x0000000000000000       0xf5 .pioenvs/bluepill_f103c8/src/main.o
 .debug_abbrev  0x00000000000000f5       0xb4 .pioenvs/bluepill_f103c8/libFrameworkLibOpenCM3.a(gpio.o)
 .debug_abbrev  0x00000000000001a9       0xf1 .pioenvs/bluepill_f103c8/libFrameworkLibOpenCM3.a(gpio_common_all.o)
 .debug_abbrev  0x000000000000029a      0x11e .pioenvs/bluepill_f103c8/libFrameworkLibOpenCM3.a(rcc_common_all.o)
 .debug_abbrev  0x00000000000003b8      0x128 .pioenvs/bluepill_f103c8/libFrameworkLibOpenCM3.a(vector.o)

.debug_loc      0x0000000000000000      0x75b
 .debug_loc     0x0000000000000000       0x4d .pioenvs/bluepill_f103c8/src/main.o
 .debug_loc     0x000000000000004d      0x485 .pioenvs/bluepill_f103c8/libFrameworkLibOpenCM3.a(gpio.o)
 .debug_loc     0x00000000000004d2       0x97 .pioenvs/bluepill_f103c8/libFrameworkLibOpenCM3.a(gpio_common_all.o)
 .debug_loc     0x0000000000000569      0x108 .pioenvs/bluepill_f103c8/libFrameworkLibOpenCM3.a(rcc_common_all.o)
 .debug_loc     0x0000000000000671       0xea .pioenvs/bluepill_f103c8/libFrameworkLibOpenCM3.a(vector.o)

.debug_aranges  0x0000000000000000      0x130
 .debug_aranges
                0x0000000000000000       0x20 .pioenvs/bluepill_f103c8/src/main.o
 .debug_aranges
                0x0000000000000020       0x38 .pioenvs/bluepill_f103c8/libFrameworkLibOpenCM3.a(gpio.o)
 .debug_aranges
                0x0000000000000058       0x50 .pioenvs/bluepill_f103c8/libFrameworkLibOpenCM3.a(gpio_common_all.o)
 .debug_aranges
                0x00000000000000a8       0x58 .pioenvs/bluepill_f103c8/libFrameworkLibOpenCM3.a(rcc_common_all.o)
 .debug_aranges
                0x0000000000000100       0x30 .pioenvs/bluepill_f103c8/libFrameworkLibOpenCM3.a(vector.o)

.debug_ranges   0x0000000000000000       0xe0
 .debug_ranges  0x0000000000000000       0x10 .pioenvs/bluepill_f103c8/src/main.o
 .debug_ranges  0x0000000000000010       0x28 .pioenvs/bluepill_f103c8/libFrameworkLibOpenCM3.a(gpio.o)
 .debug_ranges  0x0000000000000038       0x40 .pioenvs/bluepill_f103c8/libFrameworkLibOpenCM3.a(gpio_common_all.o)
 .debug_ranges  0x0000000000000078       0x48 .pioenvs/bluepill_f103c8/libFrameworkLibOpenCM3.a(rcc_common_all.o)
 .debug_ranges  0x00000000000000c0       0x20 .pioenvs/bluepill_f103c8/libFrameworkLibOpenCM3.a(vector.o)

.debug_line     0x0000000000000000      0x9fc
 .debug_line    0x0000000000000000      0x200 .pioenvs/bluepill_f103c8/src/main.o
 .debug_line    0x0000000000000200      0x19c .pioenvs/bluepill_f103c8/libFrameworkLibOpenCM3.a(gpio.o)
 .debug_line    0x000000000000039c      0x1ce .pioenvs/bluepill_f103c8/libFrameworkLibOpenCM3.a(gpio_common_all.o)
 .debug_line    0x000000000000056a      0x233 .pioenvs/bluepill_f103c8/libFrameworkLibOpenCM3.a(rcc_common_all.o)
 .debug_line    0x000000000000079d      0x25f .pioenvs/bluepill_f103c8/libFrameworkLibOpenCM3.a(vector.o)

.debug_str      0x0000000000000000      0xa39
 .debug_str     0x0000000000000000      0x3be .pioenvs/bluepill_f103c8/src/main.o
                                        0x400 (size before relaxing)
 .debug_str     0x00000000000003be       0xd9 .pioenvs/bluepill_f103c8/libFrameworkLibOpenCM3.a(gpio.o)
                                        0x242 (size before relaxing)
 .debug_str     0x0000000000000497       0xb2 .pioenvs/bluepill_f103c8/libFrameworkLibOpenCM3.a(gpio_common_all.o)
                                        0x230 (size before relaxing)
 .debug_str     0x0000000000000549      0x310 .pioenvs/bluepill_f103c8/libFrameworkLibOpenCM3.a(rcc_common_all.o)
                                        0x6f3 (size before relaxing)
 .debug_str     0x0000000000000859      0x1e0 .pioenvs/bluepill_f103c8/libFrameworkLibOpenCM3.a(vector.o)
                                        0x330 (size before relaxing)

.comment        0x0000000000000000       0x7e
 .comment       0x0000000000000000       0x7e .pioenvs/bluepill_f103c8/src/main.o
                                         0x7f (size before relaxing)
 .comment       0x000000000000007e       0x7f .pioenvs/bluepill_f103c8/libFrameworkLibOpenCM3.a(gpio.o)
 .comment       0x000000000000007e       0x7f .pioenvs/bluepill_f103c8/libFrameworkLibOpenCM3.a(gpio_common_all.o)
 .comment       0x000000000000007e       0x7f .pioenvs/bluepill_f103c8/libFrameworkLibOpenCM3.a(rcc_common_all.o)
 .comment       0x000000000000007e       0x7f .pioenvs/bluepill_f103c8/libFrameworkLibOpenCM3.a(vector.o)

.ARM.attributes
                0x0000000000000000       0x33
 .ARM.attributes
                0x0000000000000000       0x33 .pioenvs/bluepill_f103c8/src/main.o
 .ARM.attributes
                0x0000000000000033       0x33 .pioenvs/bluepill_f103c8/libFrameworkLibOpenCM3.a(gpio.o)
 .ARM.attributes
                0x0000000000000066       0x33 .pioenvs/bluepill_f103c8/libFrameworkLibOpenCM3.a(gpio_common_all.o)
 .ARM.attributes
                0x0000000000000099       0x33 .pioenvs/bluepill_f103c8/libFrameworkLibOpenCM3.a(rcc_common_all.o)
 .ARM.attributes
                0x00000000000000cc       0x33 .pioenvs/bluepill_f103c8/libFrameworkLibOpenCM3.a(vector.o)

.debug_frame    0x0000000000000000      0x1fc
 .debug_frame   0x0000000000000000       0x28 .pioenvs/bluepill_f103c8/src/main.o
 .debug_frame   0x0000000000000028       0x64 .pioenvs/bluepill_f103c8/libFrameworkLibOpenCM3.a(gpio.o)
 .debug_frame   0x000000000000008c       0x80 .pioenvs/bluepill_f103c8/libFrameworkLibOpenCM3.a(gpio_common_all.o)
 .debug_frame   0x000000000000010c       0xb0 .pioenvs/bluepill_f103c8/libFrameworkLibOpenCM3.a(rcc_common_all.o)
 .debug_frame   0x00000000000001bc       0x40 .pioenvs/bluepill_f103c8/libFrameworkLibOpenCM3.a(vector.o)
