Archive member included to satisfy reference by file (symbol)

.pioenvs/bluepill_f103c8/libFrameworkLibOpenCM3.a(gpio.o)
                              .pioenvs/bluepill_f103c8/src/main.o (gpio_set_mode)
.pioenvs/bluepill_f103c8/libFrameworkLibOpenCM3.a(gpio_common_all.o)
                              .pioenvs/bluepill_f103c8/src/main.o (gpio_toggle)
.pioenvs/bluepill_f103c8/libFrameworkLibOpenCM3.a(rcc_common_all.o)
                              .pioenvs/bluepill_f103c8/src/main.o (rcc_periph_clock_enable)
.pioenvs/bluepill_f103c8/libFrameworkLibOpenCM3.a(vector.o)
                              (reset_handler)

Allocating common symbols
Common symbol       size              file

bss_var             0x4               .pioenvs/bluepill_f103c8/src/main.o

Discarded input sections

 .text          0x0000000000000000        0x0 .pioenvs/bluepill_f103c8/src/main.o
 .data          0x0000000000000000        0x0 .pioenvs/bluepill_f103c8/src/main.o
 .bss           0x0000000000000000        0x0 .pioenvs/bluepill_f103c8/src/main.o
 .text          0x0000000000000000        0x0 .pioenvs/bluepill_f103c8/libFrameworkLibOpenCM3.a(gpio.o)
 .data          0x0000000000000000        0x0 .pioenvs/bluepill_f103c8/libFrameworkLibOpenCM3.a(gpio.o)
 .bss           0x0000000000000000        0x0 .pioenvs/bluepill_f103c8/libFrameworkLibOpenCM3.a(gpio.o)
 .text.gpio_set_eventout
                0x0000000000000000       0x10 .pioenvs/bluepill_f103c8/libFrameworkLibOpenCM3.a(gpio.o)
 .text.gpio_primary_remap
                0x0000000000000000       0x18 .pioenvs/bluepill_f103c8/libFrameworkLibOpenCM3.a(gpio.o)
 .text.gpio_secondary_remap
                0x0000000000000000       0x10 .pioenvs/bluepill_f103c8/libFrameworkLibOpenCM3.a(gpio.o)
 .text          0x0000000000000000        0x0 .pioenvs/bluepill_f103c8/libFrameworkLibOpenCM3.a(gpio_common_all.o)
 .data          0x0000000000000000        0x0 .pioenvs/bluepill_f103c8/libFrameworkLibOpenCM3.a(gpio_common_all.o)
 .bss           0x0000000000000000        0x0 .pioenvs/bluepill_f103c8/libFrameworkLibOpenCM3.a(gpio_common_all.o)
 .text.gpio_set
                0x0000000000000000        0x4 .pioenvs/bluepill_f103c8/libFrameworkLibOpenCM3.a(gpio_common_all.o)
 .text.gpio_clear
                0x0000000000000000        0x6 .pioenvs/bluepill_f103c8/libFrameworkLibOpenCM3.a(gpio_common_all.o)
 .text.gpio_get
                0x0000000000000000        0x6 .pioenvs/bluepill_f103c8/libFrameworkLibOpenCM3.a(gpio_common_all.o)
 .text.gpio_port_read
                0x0000000000000000        0x6 .pioenvs/bluepill_f103c8/libFrameworkLibOpenCM3.a(gpio_common_all.o)
 .text.gpio_port_write
                0x0000000000000000        0x4 .pioenvs/bluepill_f103c8/libFrameworkLibOpenCM3.a(gpio_common_all.o)
 .text.gpio_port_config_lock
                0x0000000000000000       0x10 .pioenvs/bluepill_f103c8/libFrameworkLibOpenCM3.a(gpio_common_all.o)
 .text          0x0000000000000000        0x0 .pioenvs/bluepill_f103c8/libFrameworkLibOpenCM3.a(rcc_common_all.o)
 .data          0x0000000000000000        0x0 .pioenvs/bluepill_f103c8/libFrameworkLibOpenCM3.a(rcc_common_all.o)
 .bss           0x0000000000000000        0x0 .pioenvs/bluepill_f103c8/libFrameworkLibOpenCM3.a(rcc_common_all.o)
 .text.rcc_peripheral_enable_clock
                0x0000000000000000        0x8 .pioenvs/bluepill_f103c8/libFrameworkLibOpenCM3.a(rcc_common_all.o)
 .text.rcc_peripheral_disable_clock
                0x0000000000000000        0xa .pioenvs/bluepill_f103c8/libFrameworkLibOpenCM3.a(rcc_common_all.o)
 .text.rcc_peripheral_reset
                0x0000000000000000        0x8 .pioenvs/bluepill_f103c8/libFrameworkLibOpenCM3.a(rcc_common_all.o)
 .text.rcc_peripheral_clear_reset
                0x0000000000000000        0xa .pioenvs/bluepill_f103c8/libFrameworkLibOpenCM3.a(rcc_common_all.o)
 .text.rcc_periph_clock_disable
                0x0000000000000000       0x1e .pioenvs/bluepill_f103c8/libFrameworkLibOpenCM3.a(rcc_common_all.o)
 .text.rcc_periph_reset_pulse
                0x0000000000000000       0x22 .pioenvs/bluepill_f103c8/libFrameworkLibOpenCM3.a(rcc_common_all.o)
 .text.rcc_periph_reset_hold
                0x0000000000000000       0x1a .pioenvs/bluepill_f103c8/libFrameworkLibOpenCM3.a(rcc_common_all.o)
 .text.rcc_periph_reset_release
                0x0000000000000000       0x1e .pioenvs/bluepill_f103c8/libFrameworkLibOpenCM3.a(rcc_common_all.o)
 .text.rcc_set_mco
                0x0000000000000000       0x14 .pioenvs/bluepill_f103c8/libFrameworkLibOpenCM3.a(rcc_common_all.o)
 .text          0x0000000000000000        0x0 .pioenvs/bluepill_f103c8/libFrameworkLibOpenCM3.a(vector.o)
 .data          0x0000000000000000        0x0 .pioenvs/bluepill_f103c8/libFrameworkLibOpenCM3.a(vector.o)
 .bss           0x0000000000000000        0x0 .pioenvs/bluepill_f103c8/libFrameworkLibOpenCM3.a(vector.o)

Memory Configuration

Name             Origin             Length             Attributes
rom              0x0000000008000000 0x0000000000010000 xr
ram              0x0000000020000000 0x0000000000005000 xrw
*default*        0x0000000000000000 0xffffffffffffffff

Linker script and memory map

LOAD .pioenvs/bluepill_f103c8/src/main.o
START GROUP
LOAD /Users/Luppy/.platformio/packages/toolchain-gccarmnoneeabi/bin/../lib/gcc/arm-none-eabi/7.2.1/../../../../arm-none-eabi/lib/thumb/v7-m/libc.a
LOAD /Users/Luppy/.platformio/packages/toolchain-gccarmnoneeabi/bin/../lib/gcc/arm-none-eabi/7.2.1/thumb/v7-m/libgcc.a
LOAD /Users/Luppy/.platformio/packages/toolchain-gccarmnoneeabi/bin/../lib/gcc/arm-none-eabi/7.2.1/../../../../arm-none-eabi/lib/thumb/v7-m/libm.a
LOAD /Users/Luppy/.platformio/packages/toolchain-gccarmnoneeabi/bin/../lib/gcc/arm-none-eabi/7.2.1/../../../../arm-none-eabi/lib/thumb/v7-m/libstdc++.a
LOAD /Users/Luppy/.platformio/packages/toolchain-gccarmnoneeabi/bin/../lib/gcc/arm-none-eabi/7.2.1/../../../../arm-none-eabi/lib/thumb/v7-m/libnosys.a
LOAD .pioenvs/bluepill_f103c8/libFrameworkLibOpenCM3.a
END GROUP

.text           0x0000000008000000      0x2c4
 *(.vectors)
 .vectors       0x0000000008000000      0x150 .pioenvs/bluepill_f103c8/libFrameworkLibOpenCM3.a(vector.o)
                0x0000000008000000                vector_table
 *(.text*)
 .text.startup.main
                0x0000000008000150       0x50 .pioenvs/bluepill_f103c8/src/main.o
                0x0000000008000150                main
 .text.gpio_set_mode
                0x00000000080001a0       0x62 .pioenvs/bluepill_f103c8/libFrameworkLibOpenCM3.a(gpio.o)
                0x00000000080001a0                gpio_set_mode
 .text.gpio_toggle
                0x0000000008000202       0x12 .pioenvs/bluepill_f103c8/libFrameworkLibOpenCM3.a(gpio_common_all.o)
                0x0000000008000202                gpio_toggle
 .text.rcc_periph_clock_enable
                0x0000000008000214       0x1a .pioenvs/bluepill_f103c8/libFrameworkLibOpenCM3.a(rcc_common_all.o)
                0x0000000008000214                rcc_periph_clock_enable
 .text.blocking_handler
                0x000000000800022e        0x2 .pioenvs/bluepill_f103c8/libFrameworkLibOpenCM3.a(vector.o)
                0x000000000800022e                exti0_isr
                0x000000000800022e                rtc_isr
                0x000000000800022e                tim7_isr
                0x000000000800022e                adc1_2_isr
                0x000000000800022e                tim1_trg_com_isr
                0x000000000800022e                usb_hp_can_tx_isr
                0x000000000800022e                tim6_isr
                0x000000000800022e                usb_wakeup_isr
                0x000000000800022e                blocking_handler
                0x000000000800022e                tim5_isr
                0x000000000800022e                otg_fs_isr
                0x000000000800022e                spi1_isr
                0x000000000800022e                exti2_isr
                0x000000000800022e                dma1_channel6_isr
                0x000000000800022e                can_rx1_isr
                0x000000000800022e                dma1_channel5_isr
                0x000000000800022e                dma2_channel5_isr
                0x000000000800022e                usart1_isr
                0x000000000800022e                usage_fault_handler
                0x000000000800022e                tim8_trg_com_isr
                0x000000000800022e                can2_rx0_isr
                0x000000000800022e                tim1_brk_isr
                0x000000000800022e                can2_rx1_isr
                0x000000000800022e                tim1_cc_isr
                0x000000000800022e                sdio_isr
                0x000000000800022e                eth_isr
                0x000000000800022e                dma1_channel4_isr
                0x000000000800022e                tim8_brk_isr
                0x000000000800022e                dma2_channel4_5_isr
                0x000000000800022e                pvd_isr
                0x000000000800022e                rcc_isr
                0x000000000800022e                flash_isr
                0x000000000800022e                uart4_isr
                0x000000000800022e                rtc_alarm_isr
                0x000000000800022e                exti15_10_isr
                0x000000000800022e                hard_fault_handler
                0x000000000800022e                exti1_isr
                0x000000000800022e                i2c1_ev_isr
                0x000000000800022e                dma2_channel1_isr
                0x000000000800022e                spi2_isr
                0x000000000800022e                tim8_up_isr
                0x000000000800022e                dma2_channel2_isr
                0x000000000800022e                exti3_isr
                0x000000000800022e                adc3_isr
                0x000000000800022e                tim3_isr
                0x000000000800022e                usart2_isr
                0x000000000800022e                usb_lp_can_rx0_isr
                0x000000000800022e                i2c2_er_isr
                0x000000000800022e                i2c2_ev_isr
                0x000000000800022e                uart5_isr
                0x000000000800022e                fsmc_isr
                0x000000000800022e                dma1_channel1_isr
                0x000000000800022e                exti4_isr
                0x000000000800022e                mem_manage_handler
                0x000000000800022e                can2_tx_isr
                0x000000000800022e                exti9_5_isr
                0x000000000800022e                dma2_channel3_isr
                0x000000000800022e                dma1_channel7_isr
                0x000000000800022e                tim1_up_isr
                0x000000000800022e                can2_sce_isr
                0x000000000800022e                tim4_isr
                0x000000000800022e                dma1_channel2_isr
                0x000000000800022e                i2c1_er_isr
                0x000000000800022e                can_sce_isr
                0x000000000800022e                tim8_cc_isr
                0x000000000800022e                tamper_isr
                0x000000000800022e                eth_wkup_isr
                0x000000000800022e                bus_fault_handler
                0x000000000800022e                wwdg_isr
                0x000000000800022e                dma1_channel3_isr
                0x000000000800022e                spi3_isr
                0x000000000800022e                tim2_isr
                0x000000000800022e                usart3_isr
 .text.null_handler
                0x0000000008000230        0x2 .pioenvs/bluepill_f103c8/libFrameworkLibOpenCM3.a(vector.o)
                0x0000000008000230                null_handler
                0x0000000008000230                sv_call_handler
                0x0000000008000230                pend_sv_handler
                0x0000000008000230                debug_monitor_handler
                0x0000000008000230                sys_tick_handler
                0x0000000008000230                nmi_handler
 *fill*         0x0000000008000232        0x2 
 .text.reset_handler
                0x0000000008000234       0x90 .pioenvs/bluepill_f103c8/libFrameworkLibOpenCM3.a(vector.o)
                0x0000000008000234                reset_handler
                0x00000000080002c4                . = ALIGN (0x4)
 *(.rodata*)
                0x00000000080002c4                . = ALIGN (0x4)

.glue_7         0x00000000080002c4        0x0
 .glue_7        0x00000000080002c4        0x0 linker stubs

.glue_7t        0x00000000080002c4        0x0
 .glue_7t       0x00000000080002c4        0x0 linker stubs

.vfp11_veneer   0x00000000080002c4        0x0
 .vfp11_veneer  0x00000000080002c4        0x0 linker stubs

.v4_bx          0x00000000080002c4        0x0
 .v4_bx         0x00000000080002c4        0x0 linker stubs

.iplt           0x00000000080002c4        0x0
 .iplt          0x00000000080002c4        0x0 .pioenvs/bluepill_f103c8/src/main.o

.rel.dyn        0x00000000080002c4        0x0
 .rel.iplt      0x00000000080002c4        0x0 .pioenvs/bluepill_f103c8/src/main.o

.preinit_array  0x00000000080002c4        0x0
                0x00000000080002c4                . = ALIGN (0x4)
                0x00000000080002c4                __preinit_array_start = .
 *(.preinit_array)
                0x00000000080002c4                __preinit_array_end = .

.init_array     0x00000000080002c4        0x0
                0x00000000080002c4                . = ALIGN (0x4)
                0x00000000080002c4                __init_array_start = .
 *(SORT_BY_NAME(.init_array.*))
 *(.init_array)
                0x00000000080002c4                __init_array_end = .

.fini_array     0x00000000080002c4        0x0
                0x00000000080002c4                . = ALIGN (0x4)
                0x00000000080002c4                __fini_array_start = .
 *(.fini_array)
 *(SORT_BY_NAME(.fini_array.*))
                0x00000000080002c4                __fini_array_end = .

.ARM.extab
 *(.ARM.extab*)

.ARM.exidx      0x00000000080002c4        0x0
                0x00000000080002c4                __exidx_start = .
 *(.ARM.exidx*)
                0x00000000080002c4                __exidx_end = .
                0x00000000080002c4                . = ALIGN (0x4)
                0x00000000080002c4                _etext = .

.data           0x0000000020000000        0x4 load address 0x00000000080002c4
                0x0000000020000000                _data = .
 *(.data*)
 .data.data_var
                0x0000000020000000        0x4 .pioenvs/bluepill_f103c8/src/main.o
                0x0000000020000000                data_var
                0x0000000020000004                . = ALIGN (0x4)
                0x0000000020000004                _edata = .
                0x00000000080002c4                _data_loadaddr = LOADADDR (.data)

.igot.plt       0x0000000020000004        0x0 load address 0x00000000080002c8
 .igot.plt      0x0000000020000004        0x0 .pioenvs/bluepill_f103c8/src/main.o

.bss            0x0000000020000004        0x4 load address 0x00000000080002c8
 *(.bss*)
 *(COMMON)
 COMMON         0x0000000020000004        0x4 .pioenvs/bluepill_f103c8/src/main.o
                0x0000000020000004                bss_var
                0x0000000020000008                . = ALIGN (0x4)
                0x0000000020000008                _ebss = .

/DISCARD/
 *(.eh_frame)
                0x0000000020000008                . = ALIGN (0x4)
                0x0000000020000008                end = .
                0x0000000020005000                PROVIDE (_stack, (ORIGIN (ram) + LENGTH (ram)))
OUTPUT(.pioenvs/bluepill_f103c8/firmware.elf elf32-littlearm)

.debug_info     0x0000000000000000      0xf2f
 .debug_info    0x0000000000000000      0x332 .pioenvs/bluepill_f103c8/src/main.o
 .debug_info    0x0000000000000332      0x1ca .pioenvs/bluepill_f103c8/libFrameworkLibOpenCM3.a(gpio.o)
 .debug_info    0x00000000000004fc      0x228 .pioenvs/bluepill_f103c8/libFrameworkLibOpenCM3.a(gpio_common_all.o)
 .debug_info    0x0000000000000724      0x56e .pioenvs/bluepill_f103c8/libFrameworkLibOpenCM3.a(rcc_common_all.o)
 .debug_info    0x0000000000000c92      0x29d .pioenvs/bluepill_f103c8/libFrameworkLibOpenCM3.a(vector.o)

.debug_abbrev   0x0000000000000000      0x500
 .debug_abbrev  0x0000000000000000      0x115 .pioenvs/bluepill_f103c8/src/main.o
 .debug_abbrev  0x0000000000000115       0xb4 .pioenvs/bluepill_f103c8/libFrameworkLibOpenCM3.a(gpio.o)
 .debug_abbrev  0x00000000000001c9       0xf1 .pioenvs/bluepill_f103c8/libFrameworkLibOpenCM3.a(gpio_common_all.o)
 .debug_abbrev  0x00000000000002ba      0x11e .pioenvs/bluepill_f103c8/libFrameworkLibOpenCM3.a(rcc_common_all.o)
 .debug_abbrev  0x00000000000003d8      0x128 .pioenvs/bluepill_f103c8/libFrameworkLibOpenCM3.a(vector.o)

.debug_loc      0x0000000000000000      0x72d
 .debug_loc     0x0000000000000000       0x1f .pioenvs/bluepill_f103c8/src/main.o
 .debug_loc     0x000000000000001f      0x485 .pioenvs/bluepill_f103c8/libFrameworkLibOpenCM3.a(gpio.o)
 .debug_loc     0x00000000000004a4       0x97 .pioenvs/bluepill_f103c8/libFrameworkLibOpenCM3.a(gpio_common_all.o)
 .debug_loc     0x000000000000053b      0x108 .pioenvs/bluepill_f103c8/libFrameworkLibOpenCM3.a(rcc_common_all.o)
 .debug_loc     0x0000000000000643       0xea .pioenvs/bluepill_f103c8/libFrameworkLibOpenCM3.a(vector.o)

.debug_aranges  0x0000000000000000      0x130
 .debug_aranges
                0x0000000000000000       0x20 .pioenvs/bluepill_f103c8/src/main.o
 .debug_aranges
                0x0000000000000020       0x38 .pioenvs/bluepill_f103c8/libFrameworkLibOpenCM3.a(gpio.o)
 .debug_aranges
                0x0000000000000058       0x50 .pioenvs/bluepill_f103c8/libFrameworkLibOpenCM3.a(gpio_common_all.o)
 .debug_aranges
                0x00000000000000a8       0x58 .pioenvs/bluepill_f103c8/libFrameworkLibOpenCM3.a(rcc_common_all.o)
 .debug_aranges
                0x0000000000000100       0x30 .pioenvs/bluepill_f103c8/libFrameworkLibOpenCM3.a(vector.o)

.debug_ranges   0x0000000000000000       0xe0
 .debug_ranges  0x0000000000000000       0x10 .pioenvs/bluepill_f103c8/src/main.o
 .debug_ranges  0x0000000000000010       0x28 .pioenvs/bluepill_f103c8/libFrameworkLibOpenCM3.a(gpio.o)
 .debug_ranges  0x0000000000000038       0x40 .pioenvs/bluepill_f103c8/libFrameworkLibOpenCM3.a(gpio_common_all.o)
 .debug_ranges  0x0000000000000078       0x48 .pioenvs/bluepill_f103c8/libFrameworkLibOpenCM3.a(rcc_common_all.o)
 .debug_ranges  0x00000000000000c0       0x20 .pioenvs/bluepill_f103c8/libFrameworkLibOpenCM3.a(vector.o)

.debug_line     0x0000000000000000      0xa06
 .debug_line    0x0000000000000000      0x20a .pioenvs/bluepill_f103c8/src/main.o
 .debug_line    0x000000000000020a      0x19c .pioenvs/bluepill_f103c8/libFrameworkLibOpenCM3.a(gpio.o)
 .debug_line    0x00000000000003a6      0x1ce .pioenvs/bluepill_f103c8/libFrameworkLibOpenCM3.a(gpio_common_all.o)
 .debug_line    0x0000000000000574      0x233 .pioenvs/bluepill_f103c8/libFrameworkLibOpenCM3.a(rcc_common_all.o)
 .debug_line    0x00000000000007a7      0x25f .pioenvs/bluepill_f103c8/libFrameworkLibOpenCM3.a(vector.o)

.debug_str      0x0000000000000000      0xa54
 .debug_str     0x0000000000000000      0x3d9 .pioenvs/bluepill_f103c8/src/main.o
                                        0x41b (size before relaxing)
 .debug_str     0x00000000000003d9       0xd9 .pioenvs/bluepill_f103c8/libFrameworkLibOpenCM3.a(gpio.o)
                                        0x242 (size before relaxing)
 .debug_str     0x00000000000004b2       0xb2 .pioenvs/bluepill_f103c8/libFrameworkLibOpenCM3.a(gpio_common_all.o)
                                        0x230 (size before relaxing)
 .debug_str     0x0000000000000564      0x310 .pioenvs/bluepill_f103c8/libFrameworkLibOpenCM3.a(rcc_common_all.o)
                                        0x6f3 (size before relaxing)
 .debug_str     0x0000000000000874      0x1e0 .pioenvs/bluepill_f103c8/libFrameworkLibOpenCM3.a(vector.o)
                                        0x330 (size before relaxing)

.comment        0x0000000000000000       0x7e
 .comment       0x0000000000000000       0x7e .pioenvs/bluepill_f103c8/src/main.o
                                         0x7f (size before relaxing)
 .comment       0x000000000000007e       0x7f .pioenvs/bluepill_f103c8/libFrameworkLibOpenCM3.a(gpio.o)
 .comment       0x000000000000007e       0x7f .pioenvs/bluepill_f103c8/libFrameworkLibOpenCM3.a(gpio_common_all.o)
 .comment       0x000000000000007e       0x7f .pioenvs/bluepill_f103c8/libFrameworkLibOpenCM3.a(rcc_common_all.o)
 .comment       0x000000000000007e       0x7f .pioenvs/bluepill_f103c8/libFrameworkLibOpenCM3.a(vector.o)

.ARM.attributes
                0x0000000000000000       0x33
 .ARM.attributes
                0x0000000000000000       0x33 .pioenvs/bluepill_f103c8/src/main.o
 .ARM.attributes
                0x0000000000000033       0x33 .pioenvs/bluepill_f103c8/libFrameworkLibOpenCM3.a(gpio.o)
 .ARM.attributes
                0x0000000000000066       0x33 .pioenvs/bluepill_f103c8/libFrameworkLibOpenCM3.a(gpio_common_all.o)
 .ARM.attributes
                0x0000000000000099       0x33 .pioenvs/bluepill_f103c8/libFrameworkLibOpenCM3.a(rcc_common_all.o)
 .ARM.attributes
                0x00000000000000cc       0x33 .pioenvs/bluepill_f103c8/libFrameworkLibOpenCM3.a(vector.o)

.debug_frame    0x0000000000000000      0x200
 .debug_frame   0x0000000000000000       0x2c .pioenvs/bluepill_f103c8/src/main.o
 .debug_frame   0x000000000000002c       0x64 .pioenvs/bluepill_f103c8/libFrameworkLibOpenCM3.a(gpio.o)
 .debug_frame   0x0000000000000090       0x80 .pioenvs/bluepill_f103c8/libFrameworkLibOpenCM3.a(gpio_common_all.o)
 .debug_frame   0x0000000000000110       0xb0 .pioenvs/bluepill_f103c8/libFrameworkLibOpenCM3.a(rcc_common_all.o)
 .debug_frame   0x00000000000001c0       0x40 .pioenvs/bluepill_f103c8/libFrameworkLibOpenCM3.a(vector.o)
